error: unused return value of `Example::value` that must be used
  --> $DIR/must_use.rs:12:5
   |
12 |     Example::default().value();
   |     ^^^^^^^^^^^^^^^^^^^^^^^^^^^
   |
note: the lint level is defined here
  --> $DIR/must_use.rs:1:9
   |
1  | #![deny(unused_must_use)]
   |         ^^^^^^^^^^^^^^^
